! . - Empty
! * - in room
! B - Border
! S - Start
! E - Exit
.....................................................
.....................................................
...................................BBBBBBB...........
...............................BBBBB*****B...........
...............................B*********B...........
...............................B**B*****BBBBB........
................BBBBBBB........B**B*********B........
..BBBBBBBBBBBB..B*****B........B**B*****B***B........
..B**********B..B*****B........B**BBBBBBB***B........
..B**BB**BB**B..B*****B........B**B...B*****B........
..B**BB**BB**B..B*****B....BBBBB**B...B*****B........
..B**********B..BBBB**B....E******B...B*****B........
..B****S*****B.....B**B....E******B...B*****B........
..B**********B.....B**B....BBBBB**B...BBBBBBB........
..B**********B.....B**B........B**B..................
..B**********B.....B**B........B**B..................
..BBB**BBBBBBB....BB**BBBBBBBBBB**B..................
....B**B..........B************B**B..................
....B**B..........B***************B..................
....B**B..........B***************B..................
....B**B..........B************B**B....BBBBBBBBBBBB..
....B**B..........BBBBBBBBBBBBBB**B....B**********B..
....B**B.......................B**B....B**********B..
....B**B.......................B**B....B**B****B**B..
....B**BBBBBBBBBBBBBBBBBBBBBBBBB**BBBBBB**********B..
....B*********************************************B..
....B*********************************************B..
....BBBBBBBBBBBB*BBBBBBB*BBBBBBB**BBBBBB**********B..
............B****B*************B**B....B**B****B**B..
............B****B*************B**B....B**********B..
............B****B*************B**B....B**********B..
............B****B*************B**B....BBBBBBBBBBBB..
............B****B*************B**B..................
............BBBBBBBBBBBB*******B**B..................
.................B*************B**B..................
.................B*****B*******B**B..................
.................B*****B*******B**B..BBBBBBBBBBBBBB..
.................B*****B*******B**B..B************B..
.................B*****B*******B**BBBB************B..
.................B*****B*******B******************B..
.................BBBBBBBBBBBBBBB******************B..
...............................BBBBBBB************B..
.....................................B************B..
.....................................BBBBBBBBBBBBBB..
.....................................................
.....................................................
